[0m09:33:57.335368 [debug] [MainThread]: Sending event: {'category': 'dbt', 'action': 'invocation', 'label': 'start', 'context': [<snowplow_tracker.self_describing_json.SelfDescribingJson object at 0x0000025B592C5400>, <snowplow_tracker.self_describing_json.SelfDescribingJson object at 0x0000025B56BC8E10>, <snowplow_tracker.self_describing_json.SelfDescribingJson object at 0x0000025B5BBABED0>]}


============================== 09:33:57.345670 | 564533f8-094c-459e-b2d3-2b3726b1809b ==============================
[0m09:33:57.345670 [info ] [MainThread]: Running with dbt=1.12.0
[0m09:33:57.346438 [debug] [MainThread]: running dbt with arguments {'version_check': 'True', 'no_print': 'None', 'static_parser': 'True', 'warn_error_options': 'WarnErrorOptionsV2(error=[], warn=[], silence=[])', 'maximum_seed_size_mib': '1', 'target_path': 'None', 'printer_width': '80', 'write_json': 'True', 'introspect': 'True', 'log_cache_events': 'False', 'empty': 'None', 'cache_selected_only': 'False', 'log_format': 'default', 'debug': 'False', 'fail_fast': 'False', 'profiles_dir': 'C:\\Users\\Utilisateur\\.dbt', 'send_anonymous_usage_stats': 'True', 'quiet': 'False', 'warn_error': 'None', 'partial_parse': 'True', 'use_colors': 'True', 'hints_enabled': 'True', 'invocation_command': 'dbt init', 'use_experimental_parser': 'False', 'indirect_selection': 'eager', 'log_path': 'logs'}
[0m09:45:34.247852 [error] [MainThread]: [[31mERROR[0m]: Encountered an error:

[0m09:45:34.253061 [error] [MainThread]: Traceback (most recent call last):
  File "C:\Users\Utilisateur\AppData\Roaming\Python\Python314\site-packages\dbt\cli\requires.py", line 190, in wrapper
    result, success = func(*args, **kwargs)
                      ~~~~^^^^^^^^^^^^^^^^^
  File "C:\Users\Utilisateur\AppData\Roaming\Python\Python314\site-packages\dbt\cli\requires.py", line 136, in wrapper
    return func(*args, **kwargs)
  File "C:\Users\Utilisateur\AppData\Roaming\Python\Python314\site-packages\dbt\cli\main.py", line 503, in init
    results = task.run()
  File "C:\Users\Utilisateur\AppData\Roaming\Python\Python314\site-packages\dbt\task\init.py", line 337, in run
    project_name = self.get_valid_project_name()
  File "C:\Users\Utilisateur\AppData\Roaming\Python\Python314\site-packages\dbt\task\init.py", line 280, in get_valid_project_name
    name = click.prompt("Enter a name for your project (letters, digits, underscore)")
  File "C:\Users\Utilisateur\AppData\Roaming\Python\Python314\site-packages\click\termui.py", line 218, in prompt
    value = prompt_func(prompt)
  File "C:\Users\Utilisateur\AppData\Roaming\Python\Python314\site-packages\click\termui.py", line 201, in prompt_func
    raise Abort() from None
click.exceptions.Abort

[0m09:45:34.254607 [debug] [MainThread]: Command `dbt init` failed at 09:45:34.254443 after 697.07 seconds
[0m09:45:34.255411 [debug] [MainThread]: Sending event: {'category': 'dbt', 'action': 'invocation', 'label': 'end', 'context': [<snowplow_tracker.self_describing_json.SelfDescribingJson object at 0x0000025B5BC356E0>, <snowplow_tracker.self_describing_json.SelfDescribingJson object at 0x0000025B5BD9D010>, <snowplow_tracker.self_describing_json.SelfDescribingJson object at 0x0000025B5BC2DF20>]}
[0m09:45:34.256289 [debug] [MainThread]: Flushing usage events
[0m09:45:34.689885 [debug] [MainThread]: An error was encountered while trying to flush usage events
[0m10:52:03.906083 [debug] [MainThread]: Sending event: {'category': 'dbt', 'action': 'invocation', 'label': 'start', 'context': [<snowplow_tracker.self_describing_json.SelfDescribingJson object at 0x000001C681C54590>, <snowplow_tracker.self_describing_json.SelfDescribingJson object at 0x000001C6FF1C8B90>, <snowplow_tracker.self_describing_json.SelfDescribingJson object at 0x000001C684157890>]}


============================== 10:52:03.909854 | e1b940f1-5218-4317-a79a-ba8d3680e215 ==============================
[0m10:52:03.909854 [info ] [MainThread]: Running with dbt=1.12.0
[0m10:52:03.910465 [debug] [MainThread]: running dbt with arguments {'maximum_seed_size_mib': '1', 'no_print': 'None', 'version_check': 'True', 'warn_error_options': 'WarnErrorOptionsV2(error=[], warn=[], silence=[])', 'static_parser': 'True', 'target_path': 'None', 'printer_width': '80', 'write_json': 'True', 'introspect': 'True', 'log_cache_events': 'False', 'empty': 'None', 'cache_selected_only': 'False', 'fail_fast': 'False', 'debug': 'False', 'log_format': 'default', 'partial_parse': 'True', 'send_anonymous_usage_stats': 'True', 'quiet': 'False', 'warn_error': 'None', 'profiles_dir': 'C:\\Users\\Utilisateur\\.dbt', 'indirect_selection': 'eager', 'hints_enabled': 'True', 'use_colors': 'True', 'use_experimental_parser': 'False', 'invocation_command': 'dbt init', 'log_path': 'logs'}
[0m10:52:33.700028 [debug] [MainThread]: Starter project path: C:\Users\Utilisateur\Desktop\dbt_project\venv\Lib\site-packages\dbt\include\starter_project
[0m10:52:33.757024 [info ] [MainThread]: Setting up your profile.
[0m10:55:38.209968 [info ] [MainThread]: Profile northwind_dwh written to C:\Users\Utilisateur\.dbt\profiles.yml using target's profile_template.yml and your supplied values.
[0m10:55:38.212545 [info ] [MainThread]: Running dbt debug to validate the project...
[0m10:55:38.213809 [info ] [MainThread]: dbt version: 1.12.0
[0m10:55:38.214308 [info ] [MainThread]: python version: 3.14.6
[0m10:55:38.214700 [info ] [MainThread]: python path: C:\Users\Utilisateur\Desktop\dbt_project\venv\Scripts\python.exe
[0m10:55:38.215069 [info ] [MainThread]: os info: Windows-11-10.0.26200-SP0
[0m10:55:38.245699 [info ] [MainThread]: Using profiles dir at C:\Users\Utilisateur\.dbt
[0m10:55:38.246243 [info ] [MainThread]: Using profiles.yml file at C:\Users\Utilisateur\.dbt\profiles.yml
[0m10:55:38.246682 [info ] [MainThread]: Using dbt_project.yml file at C:\Users\Utilisateur\Desktop\dbt_project\northwind_dwh\dbt_project.yml
[0m10:55:38.247518 [info ] [MainThread]: adapter type: postgres
[0m10:55:38.247932 [info ] [MainThread]: adapter version: 1.11.0
[0m10:55:38.362264 [info ] [MainThread]: Configuration:
[0m10:55:38.362992 [info ] [MainThread]:   profiles.yml file [[32mOK found and valid[0m]
[0m10:55:38.363686 [info ] [MainThread]:   dbt_project.yml file [[32mOK found and valid[0m]
[0m10:55:38.364224 [info ] [MainThread]: Required dependencies:
[0m10:55:38.364823 [debug] [MainThread]: Executing "git --help"
[0m10:55:38.405237 [debug] [MainThread]: STDOUT: "b"usage: git [-v | --version] [-h | --help] [-C <path>] [-c <name>=<value>]\n           [--exec-path[=<path>]] [--html-path] [--man-path] [--info-path]\n           [-p | --paginate | -P | --no-pager] [--no-replace-objects] [--no-lazy-fetch]\n           [--no-optional-locks] [--no-advice] [--bare] [--git-dir=<path>]\n           [--work-tree=<path>] [--namespace=<name>] [--config-env=<name>=<envvar>]\n           <command> [<args>]\n\nThese are common Git commands used in various situations:\n\nstart a working area (see also: git help tutorial)\n   clone      Clone a repository into a new directory\n   init       Create an empty Git repository or reinitialize an existing one\n\nwork on the current change (see also: git help everyday)\n   add        Add file contents to the index\n   mv         Move or rename a file, a directory, or a symlink\n   restore    Restore working tree files\n   rm         Remove files from the working tree and from the index\n\nexamine the history and state (see also: git help revisions)\n   bisect     Use binary search to find the commit that introduced a bug\n   diff       Show changes between commits, commit and working tree, etc\n   grep       Print lines matching a pattern\n   log        Show commit logs\n   show       Show various types of objects\n   status     Show the working tree status\n\ngrow, mark and tweak your common history\n   backfill   Download missing objects in a partial clone\n   branch     List, create, or delete branches\n   commit     Record changes to the repository\n   history    EXPERIMENTAL: Rewrite history\n   merge      Join two or more development histories together\n   rebase     Reapply commits on top of another base tip\n   reset      Set `HEAD` or the index to a known state\n   switch     Switch branches\n   tag        Create, list, delete or verify tags\n\ncollaborate (see also: git help workflows)\n   fetch      Download objects and refs from another repository\n   pull       Fetch from and integrate with another repository or a local branch\n   push       Update remote refs along with associated objects\n\n'git help -a' and 'git help -g' list available subcommands and some\nconcept guides. See 'git help <command>' or 'git help <concept>'\nto read about a specific subcommand or concept.\nSee 'git help git' for an overview of the system.\n""
[0m10:55:38.405710 [debug] [MainThread]: STDERR: "b''"
[0m10:55:38.406097 [info ] [MainThread]:  - git [[32mOK found[0m]

[0m10:55:38.406453 [info ] [MainThread]: Connection:
[0m10:55:38.406799 [info ] [MainThread]:   host: localhost
[0m10:55:38.407180 [info ] [MainThread]:   port: 5432
[0m10:55:38.407532 [info ] [MainThread]:   user: dbt_user
[0m10:55:38.407999 [info ] [MainThread]:   database: Northwind
[0m10:55:38.408368 [info ] [MainThread]:   schema: dbt_dev
[0m10:55:38.408731 [info ] [MainThread]:   connect_timeout: 10
[0m10:55:38.409162 [info ] [MainThread]:   role: None
[0m10:55:38.409646 [info ] [MainThread]:   search_path: None
[0m10:55:38.410012 [info ] [MainThread]:   keepalives_idle: 0
[0m10:55:38.410451 [info ] [MainThread]:   sslmode: None
[0m10:55:38.410929 [info ] [MainThread]:   sslcert: None
[0m10:55:38.411405 [info ] [MainThread]:   sslkey: None
[0m10:55:38.411825 [info ] [MainThread]:   sslrootcert: None
[0m10:55:38.412329 [info ] [MainThread]:   application_name: dbt
[0m10:55:38.413048 [info ] [MainThread]:   autocommit: False
[0m10:55:38.413690 [info ] [MainThread]:   retries: 1
[0m10:55:38.414378 [info ] [MainThread]: Registered adapter: postgres=1.11.0
[0m10:55:38.691635 [debug] [MainThread]: Acquiring new postgres connection 'debug'
[0m10:55:38.750979 [debug] [MainThread]: Using postgres connection "debug"
[0m10:55:38.751311 [debug] [MainThread]: On debug: select 1 as id
[0m10:55:38.751567 [debug] [MainThread]: Opening a new connection, currently in state init
[0m10:55:38.800135 [debug] [MainThread]: SQL status: SELECT 1 in 0.049 seconds
[0m10:55:38.801019 [debug] [MainThread]: On debug: Close
[0m10:55:38.801347 [info ] [MainThread]:   Connection test: [[32mOK connection ok[0m]

[0m10:55:38.801772 [info ] [MainThread]: [32mAll checks passed![0m
[0m10:55:38.802322 [info ] [MainThread]: Your new dbt project "northwind_dwh" was created!
Initialized new project in C:\Users\Utilisateur\Desktop\dbt_project\northwind_dwh\northwind_dwh

For more information on how to configure the profiles.yml file,
please consult the dbt documentation here:

  https://docs.getdbt.com/docs/configure-your-profile

One more thing:

Need help? Don't hesitate to reach out to us via GitHub issues or on Slack:

  https://community.getdbt.com/

Happy modeling!

[0m10:55:38.803527 [debug] [MainThread]: Command `dbt init` succeeded at 10:55:38.803330 after 215.06 seconds
[0m10:55:38.803977 [debug] [MainThread]: Connection 'debug' was properly closed.
[0m10:55:38.804403 [debug] [MainThread]: Sending event: {'category': 'dbt', 'action': 'invocation', 'label': 'end', 'context': [<snowplow_tracker.self_describing_json.SelfDescribingJson object at 0x000001C683FAB100>, <snowplow_tracker.self_describing_json.SelfDescribingJson object at 0x000001C68446F9B0>, <snowplow_tracker.self_describing_json.SelfDescribingJson object at 0x000001C682486580>]}
[0m10:55:38.804825 [debug] [MainThread]: Flushing usage events
[0m10:55:39.347303 [debug] [MainThread]: An error was encountered while trying to flush usage events
